[debug] [2026-06-14T08:33:05.411Z] ----------------------------------------------------------------------
[debug] [2026-06-14T08:33:05.413Z] Command:       C:\Program Files\nodejs\node.exe C:\Users\LOQ\AppData\Roaming\npm\node_modules\firebase-tools\lib\bin\firebase.js deploy
[debug] [2026-06-14T08:33:05.413Z] CLI Version:   15.18.0
[debug] [2026-06-14T08:33:05.413Z] Platform:      win32
[debug] [2026-06-14T08:33:05.413Z] Node Version:  v25.9.0
[debug] [2026-06-14T08:33:05.413Z] Time:          Sun Jun 14 2026 14:03:05 GMT+0530 (India Standard Time)
[debug] [2026-06-14T08:33:05.413Z] ----------------------------------------------------------------------
[debug] 
[debug] [2026-06-14T08:33:05.415Z] >>> [apiv2][query] GET https://firebase-public.firebaseio.com/cli.json [none]
[debug] [2026-06-14T08:33:07.136Z] > command requires scopes: ["email","openid","https://www.googleapis.com/auth/cloudplatformprojects.readonly","https://www.googleapis.com/auth/firebase","https://www.googleapis.com/auth/cloud-platform"]
[debug] [2026-06-14T08:33:07.137Z] > authorizing via signed-in user (dmayank2323@gmail.com)
[debug] [2026-06-14T08:33:07.137Z] [iam] checking project mayank-dev-646b8 for permissions ["firebase.projects.get","firebasehosting.sites.update"]
[debug] [2026-06-14T08:33:07.137Z] Checked if tokens are valid: false, expires at: 1781347763130
[debug] [2026-06-14T08:33:07.137Z] Checked if tokens are valid: false, expires at: 1781347763130
[debug] [2026-06-14T08:33:07.137Z] > refreshing access token with scopes: []
[debug] [2026-06-14T08:33:07.138Z] >>> [apiv2][query] POST https://www.googleapis.com/oauth2/v3/token [none]
[debug] [2026-06-14T08:33:07.138Z] >>> [apiv2][body] POST https://www.googleapis.com/oauth2/v3/token [omitted]
[debug] [2026-06-14T08:33:07.586Z] <<< [apiv2][status] POST https://www.googleapis.com/oauth2/v3/token 200
[debug] [2026-06-14T08:33:07.586Z] <<< [apiv2][body] POST https://www.googleapis.com/oauth2/v3/token [omitted]
[debug] [2026-06-14T08:33:07.590Z] >>> [apiv2][query] POST https://cloudresourcemanager.googleapis.com/v1/projects/mayank-dev-646b8:testIamPermissions [none]
[debug] [2026-06-14T08:33:07.590Z] >>> [apiv2][(partial)header] POST https://cloudresourcemanager.googleapis.com/v1/projects/mayank-dev-646b8:testIamPermissions  x-goog-user-project=mayank-dev-646b8
[debug] [2026-06-14T08:33:07.590Z] >>> [apiv2][body] POST https://cloudresourcemanager.googleapis.com/v1/projects/mayank-dev-646b8:testIamPermissions {"permissions":["firebase.projects.get","firebasehosting.sites.update"]}
[debug] [2026-06-14T08:33:07.895Z] <<< [apiv2][status] GET https://firebase-public.firebaseio.com/cli.json 200
[debug] [2026-06-14T08:33:07.895Z] <<< [apiv2][body] GET https://firebase-public.firebaseio.com/cli.json {"cloudBuildErrorAfter":1594252800000,"cloudBuildWarnAfter":1590019200000,"defaultNode10After":1594252800000,"minVersion":"3.0.5","node8DeploysDisabledAfter":1613390400000,"node8RuntimeDisabledAfter":1615809600000,"node8WarnAfter":1600128000000}
